******************************************************************************
                  TI ARM Linker PC v20.2.5                     
******************************************************************************
>> Linked Fri Sep 30 16:38:40 2022

OUTPUT FILE NAME:   <HW_3.out>
ENTRY POINT SYMBOL: "ResetISR"  address: 00000381


MEMORY CONFIGURATION

         name            origin    length      used     unused   attr    fill
----------------------  --------  ---------  --------  --------  ----  --------
  FLASH                 00000000   00058000  00000462  00057b9e  R  X
  GPRAM                 11000000   00002000  00000000  00002000  RW X
  SRAM                  20000000   00014000  000003d8  00013c28  RW X


SEGMENT ALLOCATION MAP

run origin  load origin   length   init length attrs members
----------  ----------- ---------- ----------- ----- -------
00000000    00000000    00000432   00000432    r-x
  00000000    00000000    00000432   00000432    r-x .text
00000434    00000434    00000008   00000008    rw-
  00000434    00000434    00000008   00000008    rw- .args
00000440    00000440    00000028   00000028    r--
  00000440    00000440    00000028   00000028    r-- .cinit
20000000    20000000    000002d8   00000000    rw-
  20000000    20000000    000002d8   00000000    rw- .data
20013f00    20013f00    00000100   00000000    rw-
  20013f00    20013f00    00000100   00000000    rw- .stack


SECTION ALLOCATION MAP

 output                                  attributes/
section   page    origin      length       input sections
--------  ----  ----------  ----------   ----------------
.text      0    00000000    00000432     
                  00000000    0000027a     lcd_functions.obj (.text)
                  0000027a    0000009c     rtsv7M4_T_le_v4SPD16_eabi.lib : memcpy_t2.asm.obj (.text)
                  00000316    00000068                                   : copy_decompress_lzss.c.obj (.text:decompress:lzss:__TI_decompress_lzss)
                  0000037e    00000002     --HOLE-- [fill = 0]
                  00000380    0000005c     main.obj (.text)
                  000003dc    00000048     lcd_init.obj (.text)
                  00000424    0000000e     rtsv7M4_T_le_v4SPD16_eabi.lib : copy_decompress_none.c.obj (.text:decompress:none:__TI_decompress_none)

.binit     0    00000000    00000000     

.cinit     0    00000440    00000028     
                  00000440    00000015     (.cinit..data.load) [load image, compression = lzss]
                  00000455    00000003     --HOLE-- [fill = 0]
                  00000458    00000008     (__TI_handler_table)
                  00000460    00000008     (__TI_cinit_table)

.init_array 
*          0    00000000    00000000     UNINITIALIZED

.data      0    20000000    000002d8     UNINITIALIZED
                  20000000    000002d8     main.obj (.data)

.stack     0    20013f00    00000100     UNINITIALIZED
                  20013f00    00000004     rtsv7M4_T_le_v4SPD16_eabi.lib : boot_cortex_m.c.obj (.stack)
                  20013f04    000000fc     --HOLE--

__llvm_prf_cnts 
*          0    20000000    00000000     UNINITIALIZED

.args      0    00000434    00000008     
                  00000434    00000008     --HOLE-- [fill = 0]

MODULE SUMMARY

       Module                       code   ro data   rw data
       ------                       ----   -------   -------
    .\
       main.obj                     92     0         728    
       lcd_functions.obj            634    0         0      
       lcd_init.obj                 72     0         0      
    +--+----------------------------+------+---------+---------+
       Total:                       798    0         728    
                                                            
    C:\ti\ccs1100\ccs\tools\compiler\ti-cgt-arm_20.2.5.LTS\lib\rtsv7M4_T_le_v4SPD16_eabi.lib
       memcpy_t2.asm.obj            156    0         0      
       copy_decompress_lzss.c.obj   104    0         0      
       copy_decompress_none.c.obj   14     0         0      
    +--+----------------------------+------+---------+---------+
       Total:                       274    0         0      
                                                            
       Stack:                       0      0         256    
       Linker Generated:            0      37        0      
    +--+----------------------------+------+---------+---------+
       Grand Total:                 1072   37        984    


LINKER GENERATED COPY TABLES

__TI_cinit_table @ 00000460 records: 1, size/record: 8, table size: 8
	.data: load addr=00000440, load size=00000015 bytes, run addr=20000000, run size=000002d8 bytes, compression=lzss


LINKER GENERATED HANDLER TABLE

__TI_handler_table @ 00000458 records: 2, size/record: 4, table size: 8
	index: 0, handler: __TI_decompress_lzss
	index: 1, handler: __TI_decompress_none


GLOBAL SYMBOLS: SORTED ALPHABETICALLY BY Name 

address   name                    
-------   ----                    
0000027b  DisplayChar             
00000175  InitLCD                 
00000411  InitPorts               
000003dd  InitTimer               
000000c1  Lowest_Level_RD         
00000001  Lowest_Level_WR         
00000381  ResetISR                
20014000  __STACK_END             
00000100  __STACK_SIZE            
20014000  __STACK_TOP             
00000460  __TI_CINIT_Base         
00000468  __TI_CINIT_Limit        
00000458  __TI_Handler_Table_Base 
00000460  __TI_Handler_Table_Limit
00000317  __TI_decompress_lzss    
00000425  __TI_decompress_none    
ffffffff  __TI_pprof_out_hndl     
ffffffff  __TI_prof_data_size     
ffffffff  __TI_prof_data_start    
00000000  __TI_static_base__      
0000027b  __aeabi_memcpy          
0000027b  __aeabi_memcpy4         
0000027b  __aeabi_memcpy8         
ffffffff  __binit__               
00000434  __c_args__              
20013f00  __stack                 
20000000  __start___llvm_prf_cnts 
20000000  __stop___llvm_prf_cnts  
ffffffff  binit                   
0000027b  memcpy                  


GLOBAL SYMBOLS: SORTED BY Symbol Address 

address   name                    
-------   ----                    
00000000  __TI_static_base__      
00000001  Lowest_Level_WR         
000000c1  Lowest_Level_RD         
00000100  __STACK_SIZE            
00000175  InitLCD                 
0000027b  DisplayChar             
0000027b  __aeabi_memcpy          
0000027b  __aeabi_memcpy4         
0000027b  __aeabi_memcpy8         
0000027b  memcpy                  
00000317  __TI_decompress_lzss    
00000381  ResetISR                
000003dd  InitTimer               
00000411  InitPorts               
00000425  __TI_decompress_none    
00000434  __c_args__              
00000458  __TI_Handler_Table_Base 
00000460  __TI_CINIT_Base         
00000460  __TI_Handler_Table_Limit
00000468  __TI_CINIT_Limit        
20000000  __start___llvm_prf_cnts 
20000000  __stop___llvm_prf_cnts  
20013f00  __stack                 
20014000  __STACK_END             
20014000  __STACK_TOP             
ffffffff  __TI_pprof_out_hndl     
ffffffff  __TI_prof_data_size     
ffffffff  __TI_prof_data_start    
ffffffff  __binit__               
ffffffff  binit                   

[30 symbols]
